{
  "version": "1.5.0",
  "plugins_used": [
    {
      "name": "ArtifactoryDetector"
    },
    {
      "name": "AWSKeyDetector"
    },
    {
      "name": "AzureStorageKeyDetector"
    },
    {
      "name": "Base64HighEntropyString",
      "limit": 4.5
    },
    {
      "name": "BasicAuthDetector"
    },
    {
      "name": "CloudantDetector"
    },
    {
      "name": "DiscordBotTokenDetector"
    },
    {
      "name": "GitHubTokenDetector"
    },
    {
      "name": "GitLabTokenDetector"
    },
    {
      "name": "HexHighEntropyString",
      "limit": 3.0
    },
    {
      "name": "IbmCloudIamDetector"
    },
    {
      "name": "IbmCosHmacDetector"
    },
    {
      "name": "IPPublicDetector"
    },
    {
      "name": "JwtTokenDetector"
    },
    {
      "name": "KeywordDetector",
      "keyword_exclude": ""
    },
    {
      "name": "MailchimpDetector"
    },
    {
      "name": "NpmDetector"
    },
    {
      "name": "OpenAIDetector"
    },
    {
      "name": "PrivateKeyDetector"
    },
    {
      "name": "PypiTokenDetector"
    },
    {
      "name": "SendGridDetector"
    },
    {
      "name": "SlackDetector"
    },
    {
      "name": "SoftlayerDetector"
    },
    {
      "name": "SquareOAuthDetector"
    },
    {
      "name": "StripeDetector"
    },
    {
      "name": "TelegramBotTokenDetector"
    },
    {
      "name": "TwilioKeyDetector"
    }
  ],
  "filters_used": [
    {
      "path": "detect_secrets.filters.allowlist.is_line_allowlisted"
    },
    {
      "path": "detect_secrets.filters.common.is_baseline_file",
      "filename": ".secrets.baseline"
    },
    {
      "path": "detect_secrets.filters.common.is_ignored_due_to_verification_policies",
      "min_level": 2
    },
    {
      "path": "detect_secrets.filters.heuristic.is_indirect_reference"
    },
    {
      "path": "detect_secrets.filters.heuristic.is_likely_id_string"
    },
    {
      "path": "detect_secrets.filters.heuristic.is_lock_file"
    },
    {
      "path": "detect_secrets.filters.heuristic.is_not_alphanumeric_string"
    },
    {
      "path": "detect_secrets.filters.heuristic.is_potential_uuid"
    },
    {
      "path": "detect_secrets.filters.heuristic.is_prefixed_with_dollar_sign"
    },
    {
      "path": "detect_secrets.filters.heuristic.is_sequential_string"
    },
    {
      "path": "detect_secrets.filters.heuristic.is_swagger_file"
    },
    {
      "path": "detect_secrets.filters.heuristic.is_templated_secret"
    },
    {
      "path": "detect_secrets.filters.regex.should_exclude_file",
      "pattern": [
        ".*\\.lock$",
        ".*package-lock\\.json$",
        ".*\\.svg$"
      ]
    }
  ],
  "results": {
    ".env.example": [
      {
        "type": "Basic Auth Credentials",
        "filename": ".env.example",
        "hashed_secret": "ce2d995dd7c3c187111ee3641f42eccb79e3cc93",
        "is_verified": false,
        "line_number": 19
      }
    ],
    ".github/workflows/ci.yml": [
      {
        "type": "Secret Keyword",
        "filename": ".github/workflows/ci.yml",
        "hashed_secret": "cf2758bfe4e337693d1dda4924a28328c61f4e21",
        "is_verified": false,
        "line_number": 23
      },
      {
        "type": "Basic Auth Credentials",
        "filename": ".github/workflows/ci.yml",
        "hashed_secret": "cf2758bfe4e337693d1dda4924a28328c61f4e21",
        "is_verified": false,
        "line_number": 75
      }
    ],
    "CONTRIBUTING.md": [
      {
        "type": "Basic Auth Credentials",
        "filename": "CONTRIBUTING.md",
        "hashed_secret": "cf2758bfe4e337693d1dda4924a28328c61f4e21",
        "is_verified": false,
        "line_number": 143
      }
    ],
    "apps/api/.env.example": [
      {
        "type": "Basic Auth Credentials",
        "filename": "apps/api/.env.example",
        "hashed_secret": "afc848c316af1a89d49826c5ae9d00ed769415f3",
        "is_verified": false,
        "line_number": 6
      }
    ],
    "apps/api/alembic.ini": [
      {
        "type": "Basic Auth Credentials",
        "filename": "apps/api/alembic.ini",
        "hashed_secret": "9d4e1e23bd5b727046a9e3b4b7db57bd8d6ee684",
        "is_verified": false,
        "line_number": 87
      }
    ],
    "apps/api/alembic/versions/2a4b7c9d1e11_add_model_registry_and_travel_rule.py": [
      {
        "type": "Hex High Entropy String",
        "filename": "apps/api/alembic/versions/2a4b7c9d1e11_add_model_registry_and_travel_rule.py",
        "hashed_secret": "fd8fd1f2ab5b3a967bd6971c6cea6420e4007cb7",
        "is_verified": false,
        "line_number": 16
      }
    ],
    "apps/api/alembic/versions/32fb4bec9bf8_initial_schema.py": [
      {
        "type": "Hex High Entropy String",
        "filename": "apps/api/alembic/versions/32fb4bec9bf8_initial_schema.py",
        "hashed_secret": "bacf378648201fec484ff2eebf66bdb57f420fb0",
        "is_verified": false,
        "line_number": 16
      }
    ],
    "apps/api/alembic/versions/3e8f9a2b4c56_add_ml_triage_fields.py": [
      {
        "type": "Hex High Entropy String",
        "filename": "apps/api/alembic/versions/3e8f9a2b4c56_add_ml_triage_fields.py",
        "hashed_secret": "ea2975b486456f679c346de4e76a70f5dfc51199",
        "is_verified": false,
        "line_number": 16
      },
      {
        "type": "Hex High Entropy String",
        "filename": "apps/api/alembic/versions/3e8f9a2b4c56_add_ml_triage_fields.py",
        "hashed_secret": "fd8fd1f2ab5b3a967bd6971c6cea6420e4007cb7",
        "is_verified": false,
        "line_number": 17
      }
    ],
    "apps/api/alembic/versions/4788ca423751_add_policy_templates.py": [
      {
        "type": "Hex High Entropy String",
        "filename": "apps/api/alembic/versions/4788ca423751_add_policy_templates.py",
        "hashed_secret": "2ff55088dabb850b0089bea7a537aa9005a30eea",
        "is_verified": false,
        "line_number": 13
      }
    ],
    "apps/api/alembic/versions/4d7e8f9a5b67_add_multi_tenancy_support.py": [
      {
        "type": "Hex High Entropy String",
        "filename": "apps/api/alembic/versions/4d7e8f9a5b67_add_multi_tenancy_support.py",
        "hashed_secret": "8c201f56cb55317425e69564e21c5e9686527022",
        "is_verified": false,
        "line_number": 21
      },
      {
        "type": "Hex High Entropy String",
        "filename": "apps/api/alembic/versions/4d7e8f9a5b67_add_multi_tenancy_support.py",
        "hashed_secret": "ea2975b486456f679c346de4e76a70f5dfc51199",
        "is_verified": false,
        "line_number": 22
      }
    ],
    "apps/api/alembic/versions/5b6c7d8e9f01_add_monitoring_rule_priority_template.py": [
      {
        "type": "Hex High Entropy String",
        "filename": "apps/api/alembic/versions/5b6c7d8e9f01_add_monitoring_rule_priority_template.py",
        "hashed_secret": "52ba4461d50501bd552d3fc40602ab7e748ba546",
        "is_verified": false,
        "line_number": 13
      },
      {
        "type": "Hex High Entropy String",
        "filename": "apps/api/alembic/versions/5b6c7d8e9f01_add_monitoring_rule_priority_template.py",
        "hashed_secret": "8c201f56cb55317425e69564e21c5e9686527022",
        "is_verified": false,
        "line_number": 14
      }
    ],
    "apps/api/alembic/versions/6c9d1a2b3c4d_regulatory_sources_and_obligations.py": [
      {
        "type": "Hex High Entropy String",
        "filename": "apps/api/alembic/versions/6c9d1a2b3c4d_regulatory_sources_and_obligations.py",
        "hashed_secret": "c9ddbd8838fe37e93a8ea4191ed3c7243c3d9314",
        "is_verified": false,
        "line_number": 14
      },
      {
        "type": "Hex High Entropy String",
        "filename": "apps/api/alembic/versions/6c9d1a2b3c4d_regulatory_sources_and_obligations.py",
        "hashed_secret": "52ba4461d50501bd552d3fc40602ab7e748ba546",
        "is_verified": false,
        "line_number": 15
      }
    ],
    "apps/api/alembic/versions/7b1c2d3e4f5a_add_review_notes_to_obligations.py": [
      {
        "type": "Hex High Entropy String",
        "filename": "apps/api/alembic/versions/7b1c2d3e4f5a_add_review_notes_to_obligations.py",
        "hashed_secret": "ab6af4cf786468655188d9aa4c152e91e1b489a2",
        "is_verified": false,
        "line_number": 14
      }
    ],
    "apps/api/alembic/versions/8f2d9a1c4e6b_add_scope_tags_to_docs_and_obligations.py": [
      {
        "type": "Hex High Entropy String",
        "filename": "apps/api/alembic/versions/8f2d9a1c4e6b_add_scope_tags_to_docs_and_obligations.py",
        "hashed_secret": "e82e1fbf5dde267b0ace7736107ecc3e781fdc3a",
        "is_verified": false,
        "line_number": 14
      }
    ],
    "apps/api/alembic/versions/9a4c2d1e7f8b_add_alerts_matched_rules_data.py": [
      {
        "type": "Hex High Entropy String",
        "filename": "apps/api/alembic/versions/9a4c2d1e7f8b_add_alerts_matched_rules_data.py",
        "hashed_secret": "2775e28ae2e389646360047763031aa18086db8f",
        "is_verified": false,
        "line_number": 13
      }
    ],
    "apps/api/alembic/versions/9f3c2b1a7d55_add_rule_versions.py": [
      {
        "type": "Hex High Entropy String",
        "filename": "apps/api/alembic/versions/9f3c2b1a7d55_add_rule_versions.py",
        "hashed_secret": "ae1cd85ba5a42ed8d099581048d082bcdf6d0c94",
        "is_verified": false,
        "line_number": 16
      }
    ],
    "apps/api/alembic/versions/aa1b2c3d4e5f_add_official_journal_act_table.py": [
      {
        "type": "Hex High Entropy String",
        "filename": "apps/api/alembic/versions/aa1b2c3d4e5f_add_official_journal_act_table.py",
        "hashed_secret": "37aeb741aa6f0a22a08c218234b31ee891f64400",
        "is_verified": false,
        "line_number": 13
      },
      {
        "type": "Hex High Entropy String",
        "filename": "apps/api/alembic/versions/aa1b2c3d4e5f_add_official_journal_act_table.py",
        "hashed_secret": "2775e28ae2e389646360047763031aa18086db8f",
        "is_verified": false,
        "line_number": 14
      }
    ],
    "apps/api/alembic/versions/ab2c3d4e5f6g_add_oj_identifiers_to_legal_documents.py": [
      {
        "type": "Hex High Entropy String",
        "filename": "apps/api/alembic/versions/ab2c3d4e5f6g_add_oj_identifiers_to_legal_documents.py",
        "hashed_secret": "37aeb741aa6f0a22a08c218234b31ee891f64400",
        "is_verified": false,
        "line_number": 13
      }
    ],
    "apps/api/alembic/versions/af3b7e9d1cb5_merge_heads.py": [
      {
        "type": "Hex High Entropy String",
        "filename": "apps/api/alembic/versions/af3b7e9d1cb5_merge_heads.py",
        "hashed_secret": "484ad82cb35f98e692ad6512ae418e9bfbe5f879",
        "is_verified": false,
        "line_number": 13
      }
    ],
    "apps/api/alembic/versions/b059980f41d9_add_critical_performance_indexes.py": [
      {
        "type": "Hex High Entropy String",
        "filename": "apps/api/alembic/versions/b059980f41d9_add_critical_performance_indexes.py",
        "hashed_secret": "6bf86cd89ce38dfeb95474d8daa42086a267f9e6",
        "is_verified": false,
        "line_number": 16
      }
    ],
    "apps/api/alembic/versions/c62fa69a5718_add_transaction_monitoring_schema.py": [
      {
        "type": "Hex High Entropy String",
        "filename": "apps/api/alembic/versions/c62fa69a5718_add_transaction_monitoring_schema.py",
        "hashed_secret": "49555a2664a55e9523beb80003939cb8b7716325",
        "is_verified": false,
        "line_number": 24
      }
    ],
    "apps/api/alembic/versions/cbee3d7ad225_rename_transaction_metadata_column.py": [
      {
        "type": "Hex High Entropy String",
        "filename": "apps/api/alembic/versions/cbee3d7ad225_rename_transaction_metadata_column.py",
        "hashed_secret": "679a50ef6973c13a473f65492ef09e8255a74c74",
        "is_verified": false,
        "line_number": 16
      }
    ],
    "apps/api/alembic/versions/d123abc45678_add_transaction_monitoring_indexes.py": [
      {
        "type": "Hex High Entropy String",
        "filename": "apps/api/alembic/versions/d123abc45678_add_transaction_monitoring_indexes.py",
        "hashed_secret": "f5dee63455587d5981d8d730dca7d96f9c9a5282",
        "is_verified": false,
        "line_number": 15
      }
    ],
    "apps/api/alembic/versions/f2c0e7b9a1c5_add_audit_event_decision_tables.py": [
      {
        "type": "Hex High Entropy String",
        "filename": "apps/api/alembic/versions/f2c0e7b9a1c5_add_audit_event_decision_tables.py",
        "hashed_secret": "f9ced7a558d6ff19c48852b9298122540cb48b73",
        "is_verified": false,
        "line_number": 16
      }
    ],
    "apps/api/pytest.ini": [
      {
        "type": "Secret Keyword",
        "filename": "apps/api/pytest.ini",
        "hashed_secret": "6731834487e9dd32ec3df63994d996da1133dbb9",
        "is_verified": false,
        "line_number": 30
      }
    ],
    "apps/api/src/config.py": [
      {
        "type": "Secret Keyword",
        "filename": "apps/api/src/config.py",
        "hashed_secret": "8fd169891f0f24a1ea47c1a3a0be7e95b9886579",
        "is_verified": false,
        "line_number": 147
      }
    ],
    "apps/api/src/database.py": [
      {
        "type": "Basic Auth Credentials",
        "filename": "apps/api/src/database.py",
        "hashed_secret": "1a91d62f7ca67399625a4368a6ab5d4a3baa6073",
        "is_verified": false,
        "line_number": 18
      }
    ],
    "apps/api/src/middleware/rate_limiter.py": [
      {
        "type": "Secret Keyword",
        "filename": "apps/api/src/middleware/rate_limiter.py",
        "hashed_secret": "4a27c06938dd57f8e197323851e0de7bb4ea153f",
        "is_verified": false,
        "line_number": 86
      },
      {
        "type": "Secret Keyword",
        "filename": "apps/api/src/middleware/rate_limiter.py",
        "hashed_secret": "d39adb4291c278d64666081b445d16dd47087cfa",
        "is_verified": false,
        "line_number": 87
      }
    ],
    "apps/api/tests/conftest.py": [
      {
        "type": "Secret Keyword",
        "filename": "apps/api/tests/conftest.py",
        "hashed_secret": "382caa7c44ee23ee25616f7e303af33c591efc3a",
        "is_verified": false,
        "line_number": 273
      },
      {
        "type": "Secret Keyword",
        "filename": "apps/api/tests/conftest.py",
        "hashed_secret": "b3f377a87c9018caa8aea51da23cdc17c74bc946",
        "is_verified": false,
        "line_number": 314
      }
    ],
    "apps/api/tests/factories/legal_factories.py": [
      {
        "type": "Secret Keyword",
        "filename": "apps/api/tests/factories/legal_factories.py",
        "hashed_secret": "382caa7c44ee23ee25616f7e303af33c591efc3a",
        "is_verified": false,
        "line_number": 57
      }
    ],
    "apps/api/tests/unit/test_audit_middleware.py": [
      {
        "type": "Secret Keyword",
        "filename": "apps/api/tests/unit/test_audit_middleware.py",
        "hashed_secret": "e5e9fa1ba31ecd1ae84f75caaa474f3a663f05f4",
        "is_verified": false,
        "line_number": 12
      }
    ],
    "apps/api/tests/unit/test_auth.py": [
      {
        "type": "Secret Keyword",
        "filename": "apps/api/tests/unit/test_auth.py",
        "hashed_secret": "463d8353f4b927fd953e5af7c41084183e8ce5fb",
        "is_verified": false,
        "line_number": 19
      },
      {
        "type": "Secret Keyword",
        "filename": "apps/api/tests/unit/test_auth.py",
        "hashed_secret": "8d17d66685103e3be7997d342fbeaff8aac3f673",
        "is_verified": false,
        "line_number": 47
      },
      {
        "type": "Secret Keyword",
        "filename": "apps/api/tests/unit/test_auth.py",
        "hashed_secret": "382caa7c44ee23ee25616f7e303af33c591efc3a",
        "is_verified": false,
        "line_number": 93
      },
      {
        "type": "Secret Keyword",
        "filename": "apps/api/tests/unit/test_auth.py",
        "hashed_secret": "945d101bfbe32b88521b7b3233f299e05f0219ef",
        "is_verified": false,
        "line_number": 122
      },
      {
        "type": "Secret Keyword",
        "filename": "apps/api/tests/unit/test_auth.py",
        "hashed_secret": "98e540ffae8223c143f1453da4c8604ca943213e",
        "is_verified": false,
        "line_number": 130
      },
      {
        "type": "Secret Keyword",
        "filename": "apps/api/tests/unit/test_auth.py",
        "hashed_secret": "ea8714902e75070dcbd3022f2e0f632f666fa349",
        "is_verified": false,
        "line_number": 140
      }
    ],
    "docker-compose.yml": [
      {
        "type": "Secret Keyword",
        "filename": "docker-compose.yml",
        "hashed_secret": "afc848c316af1a89d49826c5ae9d00ed769415f3",
        "is_verified": false,
        "line_number": 14
      },
      {
        "type": "Basic Auth Credentials",
        "filename": "docker-compose.yml",
        "hashed_secret": "afc848c316af1a89d49826c5ae9d00ed769415f3",
        "is_verified": false,
        "line_number": 91
      },
      {
        "type": "Secret Keyword",
        "filename": "docker-compose.yml",
        "hashed_secret": "d033e22ae348aeb5660fc2140aec35850c4da997",
        "is_verified": false,
        "line_number": 103
      },
      {
        "type": "Secret Keyword",
        "filename": "docker-compose.yml",
        "hashed_secret": "a94a8fe5ccb19ba61c4c0873d391e987982fbbd3",
        "is_verified": false,
        "line_number": 116
      }
    ],
    "docs/architecture/architecture.md": [
      {
        "type": "Basic Auth Credentials",
        "filename": "docs/architecture/architecture.md",
        "hashed_secret": "9d4e1e23bd5b727046a9e3b4b7db57bd8d6ee684",
        "is_verified": false,
        "line_number": 982
      },
      {
        "type": "Basic Auth Credentials",
        "filename": "docs/architecture/architecture.md",
        "hashed_secret": "5baa61e4c9b93f3f0682250b6cf8331b7ee68fd8",
        "is_verified": false,
        "line_number": 1008
      }
    ],
    "docs/dev/troubleshooting.md": [
      {
        "type": "Basic Auth Credentials",
        "filename": "docs/dev/troubleshooting.md",
        "hashed_secret": "afc848c316af1a89d49826c5ae9d00ed769415f3",
        "is_verified": false,
        "line_number": 14
      }
    ],
    "docs/engineering/api/RATE_LIMITING.md": [
      {
        "type": "Secret Keyword",
        "filename": "docs/engineering/api/RATE_LIMITING.md",
        "hashed_secret": "5baa61e4c9b93f3f0682250b6cf8331b7ee68fd8",
        "is_verified": false,
        "line_number": 227
      }
    ],
    "docs/phase-4a-testing-monitoring.md": [
      {
        "type": "Secret Keyword",
        "filename": "docs/phase-4a-testing-monitoring.md",
        "hashed_secret": "d033e22ae348aeb5660fc2140aec35850c4da997",
        "is_verified": false,
        "line_number": 326
      }
    ],
    "docs/runbooks/deployment.md": [
      {
        "type": "Basic Auth Credentials",
        "filename": "docs/runbooks/deployment.md",
        "hashed_secret": "9d4e1e23bd5b727046a9e3b4b7db57bd8d6ee684",
        "is_verified": false,
        "line_number": 77
      }
    ]
  },
  "generated_at": "2026-02-08T13:26:04Z"
}
